// Jest Snapshot v1, https://goo.gl/fbAQLP

exports[`App component Snapshot matchs 1`] = `
Array [
  <code
    name="Title"
    props={Object {}}
  />,
  <code
    name="Search"
    props={Object {}}
  />,
  <code
    name="Gallery"
    props={Object {}}
  />,
  <code
    name="Detail"
    props={Object {}}
  />,
  <code
  name="DragAndDrop"
  props={Object{}}
  />,
]
`;
